[08/01/26 21:18:15] info     ================= cer started =================
[08/01/26 21:18:15] info     C:\Program Files\Autodesk\AutoCAD 2027\cer.dll, 7.2.4+20251128.8f05bb68.927
[08/01/26 21:18:15] info     Setting key SP/SDK_VERSION, value 7.2.4+20251128.8f05bb68.927 (maxCount 1)
[08/01/26 21:18:15] info     Setting key SP/PRODUCT_NAME_HASH, value 9d6767a77b9d2cce90e03082e1302957689eeac5 (maxCount 1)
[08/01/26 21:18:15] info     Setting key SP/RUNTIME_ARCH, value 1 (maxCount 1)
[08/01/26 21:18:15] info     Set senddmp exe path to C:\Program Files\Autodesk\AutoCAD 2027\CER\senddmp.exe
[08/01/26 21:18:15] info     The cer_service exe C:\Program Files\Autodesk\AutoCAD 2027\CER\service\cer_service.exe is not in folder C:\Program Files\Autodesk\AutoCAD 2027\CER\, it's not a sandbox
[08/01/26 21:18:15] info     Set upi exe path to C:\Program Files\Autodesk\AutoCAD 2027\CER\upi.exe
[08/01/26 21:18:15] info     launching C:\Program Files\Autodesk\AutoCAD 2027\CER\upi.exe --cmd=get-device-id C:\Users\ltt01\AppData\Local\Temp\upi_deviceid2
[08/01/26 21:18:15] info     Set deviceID2 to B4C9B58551CF2A3BF4919AD4AA94C39C7300AE9A013A6CC87BB7E3AB8E6870DC&BC1B2C9E9B28F590F8B10237125A08FD837EA2346DB2F5B592EF590F05B5AD6A&7718FC9F1638D84ED09DB60C439A75D083AA2E3FEAD6AF3DC8649408C27834CD
[08/01/26 21:18:15] info     Setting key SP/DEVICEID2, value B4C9B58551CF2A3BF4919AD4AA94C39C7300AE9A013A6CC87BB7E3AB8E6870DC&BC1B2C9E9B28F590F8B10237125A08FD837EA2346DB2F5B592EF590F05B5AD6A&7718FC9F1638D84ED09DB60C439A75D083AA2E3FEAD6AF3DC8649408C27834CD (maxCount 1)
[08/01/26 21:18:15] info     Setting key SP/UUID, value 9d6767a77b9d2cce90e03082e1302957689eeac5B4C9B58551CF2A3BF4919AD4AA94C39C7300AE9A013A6CC87BB7E3AB8E6870DC&BC1B2C9E9B28F590F8B10237125A08FD837EA2346DB2F5B592EF590F05B5AD6A&7718FC9F1638D84ED09DB60C439A75D083AA2E3FEAD6AF3DC8649408C27834CD (maxCount 1)
[08/01/26 21:18:15] info     Set senddmp exe path to C:\Program Files\Autodesk\AutoCAD 2027\CER\senddmp.exe
[08/01/26 21:18:15] info     The cer_service exe C:\Program Files\Autodesk\AutoCAD 2027\CER\service\cer_service.exe is not in folder C:\Program Files\Autodesk\AutoCAD 2027\CER\, it's not a sandbox
[08/01/26 21:18:15] info     launching C:\Program Files\Autodesk\AutoCAD 2027\CER\upi.exe "C:\Program Files\Autodesk\AutoCAD 2027\C3D\en-US\UPI\upiconfig.xml" C:\Users\ltt01\AppData\Local\Temp\upi_info.xml
[08/01/26 21:18:15] info     Setting key SP/UPI_PRODUCT, value CIV3D (maxCount 1)
[08/01/26 21:18:15] info     Setting key SP/UPI_RELEASE, value 2027 (maxCount 1)
[08/01/26 21:18:15] info     Setting key SP/UPI_MASTER, value {28B89EEF-A100-0409-2102-CF3F3A09B77D} (maxCount 1)
[08/01/26 21:18:15] info     Setting key SP/UPI_BUILD, value 13.9.628.0 (maxCount 1)
[08/01/26 21:18:15] info     Setting key SP/UPI_FULL_XML, value <?xml version="1.0"?><upipackage><upivalue version="1.0" type="product" requestingapp="true"><level name="productline" id="CIV3D"><level name="release" id="2027"><level name="master" id="{28B89EEF-A100-0409-2102-CF3F3A09B77D}"><level name="build" id="13.9.628.0"/></level></level></level></upivalue>
<upivalue version="1.0" type="product"><level name="productline" id="VEHTRK"><level name="release" id="2027"><level name="master" id="{1F998EA5-D0D7-4D77-AF61-65828DBEE474}"><level name="build" id="27.0.0.2932"/></level></level></level></upivalue>
<upivalue version="1.0" type="product"><level name="productline" id="ARCHDESK"><level name="release" id="2027"><level name="master" id="{28B89EEF-A104-0409-4102-CF3F3A09B77D}"><level name="build" id="8.9.51.0"/></level></level></level></upivalue>
<upivalue version="1.0" type="product"><level name="productline" id="ARCHDESK"><level name="release" id="2027"><level name="master" id="{28B89EEF-A104-0000-4102-CF3F3A09B77D}"><level name="build" id="8.9.51.0"/></level></level></level></upivalue>
<upivalue version="1.0" type="product"><level name="productline" id="ACD"><level name="release" id="2027"><level name="master" id="{28B89EEF-A101-0000-0102-CF3F3A09B77D}"><level name="build" id="26.0.60.0.0"/></level></level></level></upivalue>
<upivalue version="1.0" type="product"><level name="productline" id="ARCHDESK"><level name="release" id="2027"><level name="master" id="{28B89EEE-A104-0000-5102-CF3F3A09B77D}"><level name="build" id="8.9.51.0"/></level></level></level></upivalue>
<upivalue version="1.0" type="product"><level name="productline" id="ACD"><level name="release" id="2027"><level name="master" id="{28B89EEF-A101-0409-1102-CF3F3A09B77D}"><level name="build" id="26.0.60.0.0"/></level></level></level></upivalue>
</upipackage> (maxCount 1)
[08/01/26 21:18:15] info     set legacy options: /APPXML "<AppInformation name=\"Autodesk Civil 3D 2027\" version=\"13.9.628.0\" />"
[08/01/26 21:18:15] info     Setting key RP/AppXML, value <AppInformation name="Autodesk Civil 3D 2027" version="13.9.628.0" /> (maxCount 100)
[08/01/26 21:18:15] info     Setting key RP/CadSettingsRegPath, value Software\Autodesk\AutoCAD\R26.0\ACAD-A100:409\CadManagerControl\CustomerErrorReport (maxCount 1)
[08/01/26 21:18:15] info     Setting key RP/AppLocaleId, value 1033 (maxCount 1)
[08/01/26 21:18:15] info     Setting key RP/AppXML, value <ProductInformation name ="AutoCAD" build_version="X.60.0.0(x64)" registry_version="26.0" install_id_string="ACAD-A100:409" registry_localeID="1033" git_commit_id="90c984aa66a571142ee0757584bac517eec2175a" /> (maxCount 100)
[08/01/26 21:18:15] info     Setting key SP/THEME_TYPE, value Blue (maxCount 1)
[08/01/26 21:18:15] info     Setting key SP/EXCEPTION_INFO_POINTER, value 140717901317400 (maxCount 1)
[08/01/26 21:18:15] info     Setting key SP/THREAD_ID, value 4294967295 (maxCount 1)
[08/01/26 21:18:15] info     Get key SP/THREAD_ID, index 0: "4294967295"
[08/01/26 21:18:15] info     Setting key SP/WER, value 0 (maxCount 1)
[08/01/26 21:18:15] info     Get key SP/WER, index 0: "0"
[08/01/26 21:18:15] info     Registered C:\Program Files\Autodesk\AutoCAD 2027\cer.dll as WER runtime exception module
[08/01/26 21:18:15] info     Current ErrorMode is 32769
[08/01/26 21:18:15] debug    Receiver ping: pong
[08/01/26 21:18:25] debug    Receiver ping: pong
[08/01/26 21:18:35] debug    Receiver ping: pong
[08/01/26 21:18:42] info     ================= cer started =================
[08/01/26 21:18:42] info     C:\Program Files\Autodesk\AutoCAD 2027\cer.dll, 7.2.4+20251128.8f05bb68.927
[08/01/26 21:18:42] info     Setting key SP/SDK_VERSION, value 7.2.4+20251128.8f05bb68.927 (maxCount 1)
[08/01/26 21:18:42] info     Setting key SP/PRODUCT_NAME_HASH, value 9d6767a77b9d2cce90e03082e1302957689eeac5 (maxCount 1)
[08/01/26 21:18:42] info     Setting key SP/RUNTIME_ARCH, value 1 (maxCount 1)
[08/01/26 21:18:42] info     Set senddmp exe path to C:\Program Files\Autodesk\AutoCAD 2027\CER\senddmp.exe
[08/01/26 21:18:42] info     The cer_service exe C:\Program Files\Autodesk\AutoCAD 2027\CER\service\cer_service.exe is not in folder C:\Program Files\Autodesk\AutoCAD 2027\CER\, it's not a sandbox
[08/01/26 21:18:42] info     Set upi exe path to C:\Program Files\Autodesk\AutoCAD 2027\CER\upi.exe
[08/01/26 21:18:42] info     launching C:\Program Files\Autodesk\AutoCAD 2027\CER\upi.exe --cmd=get-device-id C:\Users\ltt01\AppData\Local\Temp\upi_deviceid2
[08/01/26 21:18:42] info     Set deviceID2 to B4C9B58551CF2A3BF4919AD4AA94C39C7300AE9A013A6CC87BB7E3AB8E6870DC&BC1B2C9E9B28F590F8B10237125A08FD837EA2346DB2F5B592EF590F05B5AD6A&7718FC9F1638D84ED09DB60C439A75D083AA2E3FEAD6AF3DC8649408C27834CD
[08/01/26 21:18:42] info     Setting key SP/DEVICEID2, value B4C9B58551CF2A3BF4919AD4AA94C39C7300AE9A013A6CC87BB7E3AB8E6870DC&BC1B2C9E9B28F590F8B10237125A08FD837EA2346DB2F5B592EF590F05B5AD6A&7718FC9F1638D84ED09DB60C439A75D083AA2E3FEAD6AF3DC8649408C27834CD (maxCount 1)
[08/01/26 21:18:42] info     Setting key SP/UUID, value 9d6767a77b9d2cce90e03082e1302957689eeac5B4C9B58551CF2A3BF4919AD4AA94C39C7300AE9A013A6CC87BB7E3AB8E6870DC&BC1B2C9E9B28F590F8B10237125A08FD837EA2346DB2F5B592EF590F05B5AD6A&7718FC9F1638D84ED09DB60C439A75D083AA2E3FEAD6AF3DC8649408C27834CD (maxCount 1)
[08/01/26 21:18:42] info     Set senddmp exe path to C:\Program Files\Autodesk\AutoCAD 2027\CER\senddmp.exe
[08/01/26 21:18:42] info     The cer_service exe C:\Program Files\Autodesk\AutoCAD 2027\CER\service\cer_service.exe is not in folder C:\Program Files\Autodesk\AutoCAD 2027\CER\, it's not a sandbox
[08/01/26 21:18:42] info     launching C:\Program Files\Autodesk\AutoCAD 2027\CER\upi.exe "C:\Program Files\Autodesk\AutoCAD 2027\C3D\en-US\UPI\upiconfig.xml" C:\Users\ltt01\AppData\Local\Temp\upi_info.xml
[08/01/26 21:18:42] info     Setting key SP/UPI_PRODUCT, value CIV3D (maxCount 1)
[08/01/26 21:18:42] info     Setting key SP/UPI_RELEASE, value 2027 (maxCount 1)
[08/01/26 21:18:42] info     Setting key SP/UPI_MASTER, value {28B89EEF-A100-0409-2102-CF3F3A09B77D} (maxCount 1)
[08/01/26 21:18:42] info     Setting key SP/UPI_BUILD, value 13.9.628.0 (maxCount 1)
[08/01/26 21:18:42] info     Setting key SP/UPI_FULL_XML, value <?xml version="1.0"?><upipackage><upivalue version="1.0" type="product" requestingapp="true"><level name="productline" id="CIV3D"><level name="release" id="2027"><level name="master" id="{28B89EEF-A100-0409-2102-CF3F3A09B77D}"><level name="build" id="13.9.628.0"/></level></level></level></upivalue>
<upivalue version="1.0" type="product"><level name="productline" id="VEHTRK"><level name="release" id="2027"><level name="master" id="{1F998EA5-D0D7-4D77-AF61-65828DBEE474}"><level name="build" id="27.0.0.2932"/></level></level></level></upivalue>
<upivalue version="1.0" type="product"><level name="productline" id="ARCHDESK"><level name="release" id="2027"><level name="master" id="{28B89EEF-A104-0409-4102-CF3F3A09B77D}"><level name="build" id="8.9.51.0"/></level></level></level></upivalue>
<upivalue version="1.0" type="product"><level name="productline" id="ARCHDESK"><level name="release" id="2027"><level name="master" id="{28B89EEF-A104-0000-4102-CF3F3A09B77D}"><level name="build" id="8.9.51.0"/></level></level></level></upivalue>
<upivalue version="1.0" type="product"><level name="productline" id="ACD"><level name="release" id="2027"><level name="master" id="{28B89EEF-A101-0000-0102-CF3F3A09B77D}"><level name="build" id="26.0.60.0.0"/></level></level></level></upivalue>
<upivalue version="1.0" type="product"><level name="productline" id="ARCHDESK"><level name="release" id="2027"><level name="master" id="{28B89EEE-A104-0000-5102-CF3F3A09B77D}"><level name="build" id="8.9.51.0"/></level></level></level></upivalue>
<upivalue version="1.0" type="product"><level name="productline" id="ACD"><level name="release" id="2027"><level name="master" id="{28B89EEF-A101-0409-1102-CF3F3A09B77D}"><level name="build" id="26.0.60.0.0"/></level></level></level></upivalue>
</upipackage> (maxCount 1)
[08/01/26 21:18:42] info     set legacy options: /APPXML "<AppInformation name=\"Autodesk Civil 3D 2027\" version=\"13.9.628.0\" />"
[08/01/26 21:18:42] info     Setting key RP/AppXML, value <AppInformation name="Autodesk Civil 3D 2027" version="13.9.628.0" /> (maxCount 100)
[08/01/26 21:18:42] info     Setting key RP/CadSettingsRegPath, value Software\Autodesk\AutoCAD\R26.0\ACAD-A100:409\CadManagerControl\CustomerErrorReport (maxCount 1)
[08/01/26 21:18:42] info     Setting key RP/AppLocaleId, value 1033 (maxCount 1)
[08/01/26 21:18:42] info     Setting key RP/AppXML, value <ProductInformation name ="AutoCAD" build_version="X.60.0.0(x64)" registry_version="26.0" install_id_string="ACAD-A100:409" registry_localeID="1033" git_commit_id="90c984aa66a571142ee0757584bac517eec2175a" /> (maxCount 100)
[08/01/26 21:18:42] info     Setting key SP/THEME_TYPE, value Blue (maxCount 1)
[08/01/26 21:18:42] info     Setting key SP/EXCEPTION_INFO_POINTER, value 140717901317400 (maxCount 1)
[08/01/26 21:18:42] info     Setting key SP/THREAD_ID, value 4294967295 (maxCount 1)
[08/01/26 21:18:42] info     Get key SP/THREAD_ID, index 0: "4294967295"
[08/01/26 21:18:42] info     Setting key SP/WER, value 0 (maxCount 1)
[08/01/26 21:18:42] info     Get key SP/WER, index 0: "0"
[08/01/26 21:18:42] info     Registered C:\Program Files\Autodesk\AutoCAD 2027\cer.dll as WER runtime exception module
[08/01/26 21:18:42] info     Current ErrorMode is 32769
[08/01/26 21:18:42] debug    Receiver ping: pong
[08/01/26 21:18:45] debug    Receiver ping: pong
[08/01/26 21:18:55] debug    Receiver ping: pong
[08/01/26 21:19:05] debug    Receiver ping: pong
[08/01/26 21:19:15] debug    Receiver ping: pong
[08/01/26 21:19:25] debug    Receiver ping: pong
[08/01/26 21:19:35] debug    Receiver ping: pong
[08/01/26 21:19:45] debug    Receiver ping: pong
[08/01/26 21:19:55] info     ================= cer started =================
[08/01/26 21:19:55] info     C:\Program Files\Autodesk\AutoCAD 2027\cer.dll, 7.2.4+20251128.8f05bb68.927
[08/01/26 21:19:55] info     Setting key SP/SDK_VERSION, value 7.2.4+20251128.8f05bb68.927 (maxCount 1)
[08/01/26 21:19:55] info     Setting key SP/PRODUCT_NAME_HASH, value 9d6767a77b9d2cce90e03082e1302957689eeac5 (maxCount 1)
[08/01/26 21:19:55] info     Setting key SP/RUNTIME_ARCH, value 1 (maxCount 1)
[08/01/26 21:19:55] info     Set senddmp exe path to C:\Program Files\Autodesk\AutoCAD 2027\CER\senddmp.exe
[08/01/26 21:19:55] info     The cer_service exe C:\Program Files\Autodesk\AutoCAD 2027\CER\service\cer_service.exe is not in folder C:\Program Files\Autodesk\AutoCAD 2027\CER\, it's not a sandbox
[08/01/26 21:19:55] info     Set upi exe path to C:\Program Files\Autodesk\AutoCAD 2027\CER\upi.exe
[08/01/26 21:19:55] info     launching C:\Program Files\Autodesk\AutoCAD 2027\CER\upi.exe --cmd=get-device-id C:\Users\ltt01\AppData\Local\Temp\upi_deviceid2
[08/01/26 21:19:55] info     Set deviceID2 to B4C9B58551CF2A3BF4919AD4AA94C39C7300AE9A013A6CC87BB7E3AB8E6870DC&BC1B2C9E9B28F590F8B10237125A08FD837EA2346DB2F5B592EF590F05B5AD6A&7718FC9F1638D84ED09DB60C439A75D083AA2E3FEAD6AF3DC8649408C27834CD
[08/01/26 21:19:55] info     Setting key SP/DEVICEID2, value B4C9B58551CF2A3BF4919AD4AA94C39C7300AE9A013A6CC87BB7E3AB8E6870DC&BC1B2C9E9B28F590F8B10237125A08FD837EA2346DB2F5B592EF590F05B5AD6A&7718FC9F1638D84ED09DB60C439A75D083AA2E3FEAD6AF3DC8649408C27834CD (maxCount 1)
[08/01/26 21:19:55] info     Setting key SP/UUID, value 9d6767a77b9d2cce90e03082e1302957689eeac5B4C9B58551CF2A3BF4919AD4AA94C39C7300AE9A013A6CC87BB7E3AB8E6870DC&BC1B2C9E9B28F590F8B10237125A08FD837EA2346DB2F5B592EF590F05B5AD6A&7718FC9F1638D84ED09DB60C439A75D083AA2E3FEAD6AF3DC8649408C27834CD (maxCount 1)
[08/01/26 21:19:55] info     Set senddmp exe path to C:\Program Files\Autodesk\AutoCAD 2027\CER\senddmp.exe
[08/01/26 21:19:55] info     The cer_service exe C:\Program Files\Autodesk\AutoCAD 2027\CER\service\cer_service.exe is not in folder C:\Program Files\Autodesk\AutoCAD 2027\CER\, it's not a sandbox
[08/01/26 21:19:55] info     launching C:\Program Files\Autodesk\AutoCAD 2027\CER\upi.exe "C:\Program Files\Autodesk\AutoCAD 2027\C3D\en-US\UPI\upiconfig.xml" C:\Users\ltt01\AppData\Local\Temp\upi_info.xml
[08/01/26 21:19:55] info     Setting key SP/UPI_PRODUCT, value CIV3D (maxCount 1)
[08/01/26 21:19:55] info     Setting key SP/UPI_RELEASE, value 2027 (maxCount 1)
[08/01/26 21:19:55] info     Setting key SP/UPI_MASTER, value {28B89EEF-A100-0409-2102-CF3F3A09B77D} (maxCount 1)
[08/01/26 21:19:55] info     Setting key SP/UPI_BUILD, value 13.9.628.0 (maxCount 1)
[08/01/26 21:19:55] info     Setting key SP/UPI_FULL_XML, value <?xml version="1.0"?><upipackage><upivalue version="1.0" type="product" requestingapp="true"><level name="productline" id="CIV3D"><level name="release" id="2027"><level name="master" id="{28B89EEF-A100-0409-2102-CF3F3A09B77D}"><level name="build" id="13.9.628.0"/></level></level></level></upivalue>
<upivalue version="1.0" type="product"><level name="productline" id="VEHTRK"><level name="release" id="2027"><level name="master" id="{1F998EA5-D0D7-4D77-AF61-65828DBEE474}"><level name="build" id="27.0.0.2932"/></level></level></level></upivalue>
<upivalue version="1.0" type="product"><level name="productline" id="ARCHDESK"><level name="release" id="2027"><level name="master" id="{28B89EEF-A104-0409-4102-CF3F3A09B77D}"><level name="build" id="8.9.51.0"/></level></level></level></upivalue>
<upivalue version="1.0" type="product"><level name="productline" id="ARCHDESK"><level name="release" id="2027"><level name="master" id="{28B89EEF-A104-0000-4102-CF3F3A09B77D}"><level name="build" id="8.9.51.0"/></level></level></level></upivalue>
<upivalue version="1.0" type="product"><level name="productline" id="ACD"><level name="release" id="2027"><level name="master" id="{28B89EEF-A101-0000-0102-CF3F3A09B77D}"><level name="build" id="26.0.60.0.0"/></level></level></level></upivalue>
<upivalue version="1.0" type="product"><level name="productline" id="ARCHDESK"><level name="release" id="2027"><level name="master" id="{28B89EEE-A104-0000-5102-CF3F3A09B77D}"><level name="build" id="8.9.51.0"/></level></level></level></upivalue>
<upivalue version="1.0" type="product"><level name="productline" id="ACD"><level name="release" id="2027"><level name="master" id="{28B89EEF-A101-0409-1102-CF3F3A09B77D}"><level name="build" id="26.0.60.0.0"/></level></level></level></upivalue>
</upipackage> (maxCount 1)
[08/01/26 21:19:55] info     set legacy options: /APPXML "<AppInformation name=\"Autodesk Civil 3D 2027\" version=\"13.9.628.0\" />"
[08/01/26 21:19:55] info     Setting key RP/AppXML, value <AppInformation name="Autodesk Civil 3D 2027" version="13.9.628.0" /> (maxCount 100)
[08/01/26 21:19:55] info     Setting key RP/CadSettingsRegPath, value Software\Autodesk\AutoCAD\R26.0\ACAD-A100:409\CadManagerControl\CustomerErrorReport (maxCount 1)
[08/01/26 21:19:55] info     Setting key RP/AppLocaleId, value 1033 (maxCount 1)
[08/01/26 21:19:55] info     Setting key RP/AppXML, value <ProductInformation name ="AutoCAD" build_version="X.60.0.0(x64)" registry_version="26.0" install_id_string="ACAD-A100:409" registry_localeID="1033" git_commit_id="90c984aa66a571142ee0757584bac517eec2175a" /> (maxCount 100)
[08/01/26 21:19:55] info     Setting key SP/THEME_TYPE, value Blue (maxCount 1)
[08/01/26 21:19:55] info     Setting key SP/EXCEPTION_INFO_POINTER, value 140717901317400 (maxCount 1)
[08/01/26 21:19:55] info     Setting key SP/THREAD_ID, value 4294967295 (maxCount 1)
[08/01/26 21:19:55] info     Get key SP/THREAD_ID, index 0: "4294967295"
[08/01/26 21:19:55] info     Setting key SP/WER, value 0 (maxCount 1)
[08/01/26 21:19:55] info     Get key SP/WER, index 0: "0"
[08/01/26 21:19:55] info     Registered C:\Program Files\Autodesk\AutoCAD 2027\cer.dll as WER runtime exception module
[08/01/26 21:19:55] info     Current ErrorMode is 32769
[08/01/26 21:19:55] debug    Receiver ping: pong
[08/01/26 21:19:55] debug    Receiver ping: pong
[08/01/26 21:20:05] debug    Receiver ping: pong
[08/01/26 21:20:15] debug    Receiver ping: pong
[08/01/26 21:20:25] debug    Receiver ping: pong
[08/01/26 21:20:35] debug    Receiver ping: pong
[08/01/26 21:20:45] debug    Receiver ping: pong
[08/01/26 21:20:55] debug    Receiver ping: pong
[08/01/26 21:21:05] debug    Receiver ping: pong
[08/01/26 21:21:15] debug    Receiver ping: pong
[08/01/26 21:21:25] debug    Receiver ping: pong
[08/01/26 21:21:35] debug    Receiver ping: pong
[08/01/26 21:21:46] debug    Receiver ping: pong
[08/01/26 21:21:56] debug    Receiver ping: pong
[08/01/26 21:22:06] debug    Receiver ping: pong
[08/01/26 21:22:16] debug    Receiver ping: pong
[08/01/26 21:22:26] debug    Receiver ping: pong
[08/01/26 21:22:36] debug    Receiver ping: pong
[08/01/26 21:22:46] debug    Receiver ping: pong
[08/01/26 21:22:56] debug    Receiver ping: pong
[08/01/26 21:23:06] debug    Receiver ping: pong
[08/01/26 21:23:16] debug    Receiver ping: pong
[08/01/26 21:23:26] debug    Receiver ping: pong
[08/01/26 21:23:36] debug    Receiver ping: pong
[08/01/26 21:23:46] debug    Receiver ping: pong
[08/01/26 21:23:56] debug    Receiver ping: pong
[08/01/26 21:24:06] debug    Receiver ping: pong
[08/01/26 21:24:16] debug    Receiver ping: pong
[08/01/26 21:24:26] debug    Receiver ping: pong
[08/01/26 21:24:36] debug    Receiver ping: pong
[08/01/26 21:24:46] debug    Receiver ping: pong
[08/01/26 21:24:56] debug    Receiver ping: pong
[08/01/26 21:25:06] debug    Receiver ping: pong
[08/01/26 21:25:16] debug    Receiver ping: pong
[08/01/26 21:25:26] debug    Receiver ping: pong
[08/01/26 21:25:36] debug    Receiver ping: pong
[08/01/26 21:25:46] debug    Receiver ping: pong
[08/01/26 21:25:56] debug    Receiver ping: pong
[08/01/26 21:26:06] debug    Receiver ping: pong
[08/01/26 21:26:16] debug    Receiver ping: pong
[08/01/26 21:26:26] debug    Receiver ping: pong
[08/01/26 21:26:36] debug    Receiver ping: pong
[08/01/26 21:26:46] debug    Receiver ping: pong
[08/01/26 21:26:56] debug    Receiver ping: pong
[08/01/26 21:27:06] debug    Receiver ping: pong
[08/01/26 21:27:16] debug    Receiver ping: pong
[08/01/26 21:27:26] debug    Receiver ping: pong
[08/01/26 21:27:36] debug    Receiver ping: pong
[08/01/26 21:27:46] debug    Receiver ping: pong
[08/01/26 21:27:56] debug    Receiver ping: pong
[08/01/26 21:28:06] debug    Receiver ping: pong
[08/01/26 21:28:16] debug    Receiver ping: pong
[08/01/26 21:28:26] debug    Receiver ping: pong
[08/01/26 21:28:36] debug    Receiver ping: pong
[08/01/26 21:28:46] debug    Receiver ping: pong
[08/01/26 21:28:56] debug    Receiver ping: pong
[08/01/26 21:29:06] debug    Receiver ping: pong
[08/01/26 21:29:16] debug    Receiver ping: pong
[08/01/26 21:29:27] debug    Receiver ping: pong
[08/01/26 21:29:37] debug    Receiver ping: pong
[08/01/26 21:29:47] debug    Receiver ping: pong
[08/01/26 21:29:57] debug    Receiver ping: pong
[08/01/26 21:30:07] debug    Receiver ping: pong
[08/01/26 21:30:17] debug    Receiver ping: pong
[08/01/26 21:30:27] debug    Receiver ping: pong
[08/01/26 21:30:37] debug    Receiver ping: pong
[08/01/26 21:30:47] debug    Receiver ping: pong
[08/01/26 21:30:57] debug    Receiver ping: pong
[08/01/26 21:31:07] debug    Receiver ping: pong
[08/01/26 21:31:17] debug    Receiver ping: pong
[08/01/26 21:31:27] debug    Receiver ping: pong
[08/01/26 21:31:37] debug    Receiver ping: pong
[08/01/26 21:31:47] debug    Receiver ping: pong
[08/01/26 21:31:57] debug    Receiver ping: pong
[08/01/26 21:32:07] debug    Receiver ping: pong
[08/01/26 21:32:17] debug    Receiver ping: pong
[08/01/26 21:32:27] debug    Receiver ping: pong
[08/01/26 21:32:37] debug    Receiver ping: pong
[08/01/26 21:32:47] debug    Receiver ping: pong
[08/01/26 21:32:57] debug    Receiver ping: pong
[08/01/26 21:33:07] debug    Receiver ping: pong
[08/01/26 21:33:17] debug    Receiver ping: pong
[08/01/26 21:33:27] debug    Receiver ping: pong
[08/01/26 21:33:37] debug    Receiver ping: pong
